// Jest Snapshot v1, https://goo.gl/fbAQLP

exports[`Testing <HomePagr /> should to show the <HomePage /> 1`] = `
<div
  className="w-full  flex"
>
  <div
    className="mx-auto pt-12 animate__animated animate__fadeIn"
  >
    <img
      alt="welcome"
      className="text-center h-56"
      src="./assets/welcome.svg"
    />
    <div
      className="text-center mt-10"
    >
      <button
        className="py-3 bg-green-500 text-white w-full hover:bg-green-600 cursor-pointer rounded outline-none"
        onClick={[Function]}
      >
        Logout
      </button>
    </div>
  </div>
</div>
`;
